// Jest Snapshot v1, https://goo.gl/fbAQLP

exports[`<NftList />: takes a snapshot 1`] = `
<DocumentFragment>
  <div
    class="nftlist__scroll-wrapper"
  >
    <h3>
      Connect wallet to view NFTs
    </h3>
  </div>
</DocumentFragment>
`;
